
> legalindia-frontend@0.1.0 build
> next build --turbopack

   ▲ Next.js 15.5.5 (Turbopack)

   Creating an optimized production build ...
 ✓ Finished writing to disk in 159ms
 ✓ Compiled successfully in 4.5s
   Skipping validation of types
   Skipping linting
   Collecting page data ...
   Generating static pages (0/11) ...
   Generating static pages (2/11) 
   Generating static pages (5/11) 
   Generating static pages (8/11) 
 ✓ Generating static pages (11/11)
   Finalizing page optimization ...
   Collecting build traces ...

Route (app)                         Size  First Load JS
┌ ○ /                            1.73 kB         169 kB
├ ○ /_not-found                      0 B         167 kB
├ ○ /about                       2.09 kB         169 kB
├ ○ /app                         25.4 kB         192 kB
├ ○ /history                     2.54 kB         170 kB
├ ○ /login                       2.91 kB         170 kB
├ ○ /research                    2.56 kB         170 kB
└ ○ /settings                    31.3 kB         198 kB
+ First Load JS shared by all     177 kB
  ├ chunks/2008ffcf9e5b170c.js     13 kB
  ├ chunks/200ff217fe8d954b.js     47 kB
  ├ chunks/8082ab48faca5ea1.js   17.2 kB
  ├ chunks/86fdc11209c7a199.js   59.2 kB
  ├ chunks/9238800000c5dc6a.css  10.4 kB
  └ other shared chunks (total)  30.7 kB


○  (Static)  prerendered as static content

